[lingbooster.online/index.html]
[backblue.gif]
[fade.gif]
[index.html]
[lingbooster.online/img/logo.png]
[lingbooster.online/main.css]
[tsyndicate.com/api/v2/cpa/88957/pixel.gif]
[lingbooster.online/citionafficture.com/d/bb93bb93.html]
[lingbooster.online/img/background.png]
[lingbooster.online/img/views.jpg]
[lingbooster.online/img/flike.png]
[lingbooster.online/img/x21.png]
[lingbooster.online/img/xkate.jpg]
[lingbooster.online/img/banner_4.jpg]
[lingbooster.online/img/banner_3.png]
[lingbooster.online/img/cpackage.png]
[lingbooster.online/img/pic2.jpg]
[lingbooster.online/img/pic1.jpg]
[lingbooster.online/img/pic3.jpg]
[lingbooster.online/img/banner_5.jpg]
[lingbooster.online/img/tab.gif]
[lingbooster.online/img/free_shipping.png]
[lingbooster.online/img/xava.jpg]
[lingbooster.online/img/button.png]
[lingbooster.online/index.html]
[www.googletagmanager.com/gtm5445.html]
[lingbooster.online/main.css]
[lingbooster.online/citionafficture.com/d/bb93bb93.html]
